// Jest Snapshot v1, https://goo.gl/fbAQLP

exports[`test renders Cinema Hall test renders snapshot  1`] = `
Object {
  "asFragment": [Function],
  "baseElement": <body>
    <div>
      <div
        class="d-flex flex-column justify-content-around p-0 container"
      >
        <div
          class="d-flex justify-content-between pb-2 row"
        >
          <button
            class="sc-bdvvaa kUGjmq btn btn-info"
            disabled=""
            type="button"
          >
            1
          </button>
          <button
            class="sc-bdvvaa kUGjmq btn btn-info"
            disabled=""
            type="button"
          >
            2
          </button>
          <button
            class="sc-bdvvaa kUGjmq btn btn-info"
            disabled=""
            type="button"
          >
            3
          </button>
          <button
            class="sc-bdvvaa kUGjmq btn btn-info"
            disabled=""
            type="button"
          >
            4
          </button>
          <button
            class="sc-bdvvaa kUGjmq btn btn-info"
            disabled=""
            type="button"
          >
            5
          </button>
          <button
            class="sc-bdvvaa kUGjmq btn btn-outline-info"
            type="button"
          >
            6
          </button>
        </div>
      </div>
    </div>
  </body>,
  "container": <div>
    <div
      class="d-flex flex-column justify-content-around p-0 container"
    >
      <div
        class="d-flex justify-content-between pb-2 row"
      >
        <button
          class="sc-bdvvaa kUGjmq btn btn-info"
          disabled=""
          type="button"
        >
          1
        </button>
        <button
          class="sc-bdvvaa kUGjmq btn btn-info"
          disabled=""
          type="button"
        >
          2
        </button>
        <button
          class="sc-bdvvaa kUGjmq btn btn-info"
          disabled=""
          type="button"
        >
          3
        </button>
        <button
          class="sc-bdvvaa kUGjmq btn btn-info"
          disabled=""
          type="button"
        >
          4
        </button>
        <button
          class="sc-bdvvaa kUGjmq btn btn-info"
          disabled=""
          type="button"
        >
          5
        </button>
        <button
          class="sc-bdvvaa kUGjmq btn btn-outline-info"
          type="button"
        >
          6
        </button>
      </div>
    </div>
  </div>,
  "debug": [Function],
  "findAllByAltText": [Function],
  "findAllByDisplayValue": [Function],
  "findAllByLabelText": [Function],
  "findAllByPlaceholderText": [Function],
  "findAllByRole": [Function],
  "findAllByTestId": [Function],
  "findAllByText": [Function],
  "findAllByTitle": [Function],
  "findByAltText": [Function],
  "findByDisplayValue": [Function],
  "findByLabelText": [Function],
  "findByPlaceholderText": [Function],
  "findByRole": [Function],
  "findByTestId": [Function],
  "findByText": [Function],
  "findByTitle": [Function],
  "getAllByAltText": [Function],
  "getAllByDisplayValue": [Function],
  "getAllByLabelText": [Function],
  "getAllByPlaceholderText": [Function],
  "getAllByRole": [Function],
  "getAllByTestId": [Function],
  "getAllByText": [Function],
  "getAllByTitle": [Function],
  "getByAltText": [Function],
  "getByDisplayValue": [Function],
  "getByLabelText": [Function],
  "getByPlaceholderText": [Function],
  "getByRole": [Function],
  "getByTestId": [Function],
  "getByText": [Function],
  "getByTitle": [Function],
  "queryAllByAltText": [Function],
  "queryAllByDisplayValue": [Function],
  "queryAllByLabelText": [Function],
  "queryAllByPlaceholderText": [Function],
  "queryAllByRole": [Function],
  "queryAllByTestId": [Function],
  "queryAllByText": [Function],
  "queryAllByTitle": [Function],
  "queryByAltText": [Function],
  "queryByDisplayValue": [Function],
  "queryByLabelText": [Function],
  "queryByPlaceholderText": [Function],
  "queryByRole": [Function],
  "queryByTestId": [Function],
  "queryByText": [Function],
  "queryByTitle": [Function],
  "rerender": [Function],
  "unmount": [Function],
}
`;
